 % Roy-Walker epsilon
 % perturbed  epsilons tot position eff.
  1  0.00D+00  3.75D-07  1.76D-07  5.29D-09  3.93D-07  1.89D-08  3.57D-10  1.08D-10  6.79D-15            2.213D-07
  2  4.75D-08  0.00D+00  1.15D-06  3.45D-08  2.56D-06  1.23D-07  2.33D-09  7.04D-10  4.43D-14            2.035D-06
  3  2.49D-08  1.28D-06  0.00D+00  9.12D-08  6.78D-06  3.25D-07  6.16D-09  1.86D-09  1.17D-13            6.904D-06
  4  1.07D-08  5.52D-07  1.31D-06  0.00D+00  2.40D-05  1.15D-06  2.18D-08  6.58D-09  4.14D-13            3.662D-05
  5  9.19D-10  4.73D-08  1.12D-07  2.77D-08  0.00D+00  4.58D-05  8.67D-07  2.62D-07  1.65D-11            2.382D-04
  6  2.71D-10  1.40D-08  3.31D-08  8.16D-09  2.81D-04  0.00D+00  5.41D-06  1.63D-06  1.03D-10            2.694D-03
  7  6.74D-11  3.47D-09  8.24D-09  2.03D-09  6.99D-05  7.10D-05  0.00D+00  1.32D-05  8.28D-10            1.931D-03
  8  2.72D-11  1.40D-09  3.32D-09  8.18D-10  2.82D-05  2.86D-05  1.76D-05  0.00D+00  3.24D-09            1.327D-03
  9  1.57D-11  8.07D-10  1.92D-09  4.72D-10  1.63D-05  1.65D-05  1.01D-05  2.97D-05  0.00D+00            1.553D-03
 % heliocentric eta
 % perturbed  eta tot position eff.
  1  0.00D+00  1.40D-06  9.11D-07  4.17D-08  1.06D-05  9.33D-07  3.55D-08  1.69D-08  1.40D-12            4.157D-06
  2  4.54D-07  0.00D+00  3.18D-06  1.45D-07  3.69D-05  3.26D-06  1.24D-07  5.89D-08  4.88D-12            2.689D-05
  3  5.34D-07  5.76D-06  0.00D+00  2.78D-07  7.05D-05  6.23D-06  2.37D-07  1.13D-07  9.32D-12            7.103D-05
  4  6.59D-07  7.11D-06  7.51D-06  0.00D+00  1.64D-04  1.45D-05  5.49D-07  2.61D-07  2.16D-11            2.509D-04
  5  1.22D-06  1.31D-05  1.39D-05  1.19D-06  0.00D+00  1.69D-04  6.41D-06  3.05D-06  2.52D-10            8.841D-04
  6  1.65D-06  1.78D-05  1.88D-05  1.62D-06  2.59D-03  0.00D+00  2.17D-05  1.03D-05  8.56D-10            2.483D-02
  7  2.34D-06  2.52D-05  2.67D-05  2.29D-06  3.67D-03  8.10D-04  0.00D+00  4.15D-05  3.44D-09            7.218D-02
  8  2.94D-06  3.17D-05  3.34D-05  2.88D-06  4.60D-03  1.02D-03  1.10D-04  0.00D+00  8.53D-09            1.427D-01
  9  3.37D-06  3.63D-05  3.84D-05  3.30D-06  5.28D-03  1.17D-03  1.26D-04  1.18D-04  0.00D+00            2.157D-01
 % baricentric theta
 % perturbed  theta tot position eff.
  1  0.00D+00  4.57D-06  7.85D-06  1.27D-06  1.28D-02  7.08D-03  2.17D-03  4.03D-03  7.61D-07            5.943D-03
  2  8.88D-08  0.00D+00  4.20D-06  6.80D-07  6.87D-03  3.79D-03  1.16D-03  2.15D-03  4.07D-07            5.943D-03
  3  6.43D-08  1.77D-06  0.00D+00  4.92D-07  4.97D-03  2.74D-03  8.39D-04  1.56D-03  2.95D-07            5.943D-03
  4  4.22D-08  1.16D-06  2.00D-06  0.00D+00  3.26D-03  1.80D-03  5.50D-04  1.02D-03  1.93D-07            5.943D-03
  5  1.23D-08  3.40D-07  5.84D-07  9.45D-08  0.00D+00  5.26D-04  1.61D-04  3.00D-04  5.66D-08            3.261D-03
  6  6.71D-09  1.85D-07  3.17D-07  5.13D-08  5.19D-04  0.00D+00  8.75D-05  1.63D-04  3.08D-08            5.274D-03
  7  3.35D-09  9.22D-08  1.58D-07  2.56D-08  2.59D-04  1.43D-04  0.00D+00  8.11D-05  1.53D-08            5.884D-03
  8  2.12D-09  5.85D-08  1.00D-07  1.63D-08  1.64D-04  9.05D-05  2.77D-05  0.00D+00  9.74D-09            5.735D-03
  9  1.61D-09  4.44D-08  7.63D-08  1.23D-08  1.25D-04  6.88D-05  2.11D-05  3.91D-05  0.00D+00            5.943D-03
 % synodic periods
 % perturbed  periods (years)
  1   0.000   0.396   0.317   0.276   0.246   0.243   0.242   0.241   0.241
  2   0.396   0.000   1.599   0.914   0.649   0.628   0.620   0.617   0.617
  3   0.317   1.599   0.000   2.135   1.092   1.035   1.012   1.006   1.004
  4   0.276   0.914   2.135   0.000   2.235   2.008   1.924   1.902   1.895
  5   0.246   0.649   1.092   2.235   0.000  19.780  13.812  12.776  12.453
  6   0.243   0.628   1.035   2.008  19.780   0.000  45.775  36.081  33.617
  7   0.242   0.620   1.012   1.924  13.812  45.775   0.000 170.382 126.565
  8   0.241   0.617   1.006   1.902  12.776  36.081 170.382   0.000 492.149
  9   0.241   0.617   1.004   1.895  12.453  33.617 126.565 492.149   0.000
 % Ceres Roy
 10  3.25D-09  1.67D-07  3.97D-07  9.79D-08  1.44D-04  6.89D-06  1.31D-07  3.94D-08  2.48D-12            3.977D-04
 % Ceres eta
 10  8.88D-07  9.58D-06  1.01D-05  8.70D-07  5.40D-04  4.77D-05  1.81D-06  8.62D-07  7.14D-11            1.500D-03
 % Ceres theta
 10  2.32D-08  6.40D-07  1.10D-06  1.78D-07  1.80D-03  9.90D-04  3.03D-04  5.63D-04  1.06D-07            5.943D-03
 % Ceres synodic periods
 10   0.254   0.710   1.278   3.180   7.520   5.449   4.869   4.734   4.689
