(make testbaric)
make[1]: Entering directory '/home/gronchi/test3_orbfit/orb50/tests/orbit9'
cp -p testout/baric/inbaric.opt .
time inbaric.x
 JPL planetary ephemerides DE431
time inbarmerc.x
 JPL planetary ephemerides DE431
(diff planxx.inc testout/baric)
6,7c6,7
<   1.0000000000000000D+00  1.0473486254633380D+03  3.4979017677866350D+03
<   2.2902981613087040D+04  1.9412259775973070D+04
---
>   1.0000000000000002D+00  1.0473486254633376D+03  3.4979017677866345D+03
>   2.2902981613087039D+04  1.9412259775973071D+04
Makefile:5: recipe for target 'testbaric' failed
(diff pvenexx.inc testout/baric)
6,8c6,8
<   1.0000000000000000D+00  4.0852371865829980D+05  3.2890055981024760D+05
<   3.0987035902907080D+06  1.0473486254633380D+03  3.4979017677866350D+03
<   2.2902981613087040D+04  1.9412259775973070D+04
---
>   1.0000000000000002D+00  4.0852371865829983D+05  3.2890055981024762D+05
>   3.0987035902907075D+06  1.0473486254633376D+03  3.4979017677866345D+03
>   2.2902981613087039D+04  1.9412259775973071D+04
Makefile:5: recipe for target 'testbaric' failed
(diff barsunxx.inc testout/baric)
(diff barmerxx.inc testout/baric)
make[1]: Leaving directory '/home/gronchi/test3_orbfit/orb50/tests/orbit9'
cp -p testout/integr/orb9.opt .
time orbit9.x
(diff vast.dat testout/integr/vast.dat)
79c79
<  2.669345360 -0.0049825  0.2668655 -0.1018240 -0.0416585 6.07374667     -1101  1.0024E+01
---
>  2.669345360 -0.0049825  0.2668655 -0.1018240 -0.0416585 6.07374668     -1101  1.0024E+01
85c85
<  2.671135979 -0.0240020  0.2692727 -0.1053149 -0.0259742 1.67455533     -1192  9.4378E+00
---
>  2.671135980 -0.0240020  0.2692727 -0.1053149 -0.0259742 1.67455533     -1192  9.4378E+00
130c130
<  2.672860915 -0.1363097  0.1966118 -0.0968520  0.0796759 3.22015077     -1880  9.7747E+00
---
>  2.672860915 -0.1363097  0.1966118 -0.0968520  0.0796759 3.22015078     -1880  9.7747E+00
145c145
<  2.669611674 -0.1779832  0.1536354 -0.0768718  0.1000183 1.63037413     -2109  9.9009E+00
---
>  2.669611674 -0.1779832  0.1536354 -0.0768718  0.1000183 1.63037414     -2109  9.9009E+00
163c163
<  2.667860303 -0.2217716  0.1057547 -0.0405634  0.1127658 1.00114759     -2384  1.0072E+01
---
>  2.667860303 -0.2217716  0.1057547 -0.0405634  0.1127658 1.00114760     -2384  1.0072E+01
192c192
<  2.770744426 -0.0502710  0.1092665 -0.0799269  0.0134079 2.52908124     -2693  8.5257E+00
---
>  2.770744426 -0.0502710  0.1092665 -0.0799269  0.0134079 2.52908123     -2693  8.5257E+00
219c219
<  2.765180609 -0.0867264  0.0719129 -0.0663523  0.0518966 2.71620578     -3084  8.6901E+00
---
>  2.765180609 -0.0867264  0.0719129 -0.0663523  0.0518966 2.71620577     -3084  8.6901E+00
244c244
<  2.669274905 -0.1628967 -0.1426356  0.1197842  0.0393292 1.26501848     -3622  1.0389E+01
---
>  2.669274905 -0.1628967 -0.1426356  0.1197842  0.0393292 1.26501849     -3622  1.0389E+01
246c246
<  2.768040059 -0.1040796  0.0193310 -0.0330733  0.0771974 2.90906741     -3475  8.8803E+00
---
>  2.768040059 -0.1040796  0.0193310 -0.0330733  0.0771974 2.90906740     -3475  8.8803E+00
285c285
<  2.767927584 -0.0862631 -0.0424412  0.0298763  0.0817201 4.57878626     -4040  9.2579E+00
---
>  2.767927584 -0.0862631 -0.0424412  0.0298763  0.0817201 4.57878625     -4040  9.2579E+00
291c291
<  2.766944013 -0.0729772 -0.0522504  0.0389901  0.0788086 5.32591095     -4127  9.1560E+00
---
>  2.766944013 -0.0729772 -0.0522504  0.0389901  0.0788086 5.32591094     -4127  9.1560E+00
301c301
<  2.670049779 -0.0230788 -0.2212912  0.0725377 -0.0950218 0.29851656     -4493  1.0618E+01
---
>  2.670049779 -0.0230788 -0.2212912  0.0725377 -0.0950218 0.29851657     -4493  1.0618E+01
Makefile:14: recipe for target 'testo9' failed
(diff vpla.dat testout/integr/vpla.dat)
6,7c6,7
<   9.9999402303776930D-01  1.0473486254633380D+03  3.4979017677866350D+03
<   2.2902981613087040D+04  1.9412259775973070D+04
---
>   9.9999402303776952D-01  1.0473486254633374D+03  3.4979017677866345D+03
>   2.2902981613087039D+04  1.9412259775973071D+04
125c125
<  9.536597886  0.0603083  0.0317086  0.0035106 -0.0070215 4.07803013      -156
---
>  9.536597886  0.0603083  0.0317086  0.0035106 -0.0070215 4.07803012      -156
202c202
< 30.169566204  0.0042847  0.0101842 -0.0014419 -0.0062213 5.22613566       -46
---
> 30.169566203  0.0042847  0.0101842 -0.0014419 -0.0062213 5.22613566       -46
230c230
<  9.581759065  0.0538904  0.0626935 -0.0006596 -0.0075529 0.43358659      -298
---
>  9.581759065  0.0538904  0.0626935 -0.0006596 -0.0075529 0.43358658      -298
252c252
< 30.131484874  0.0040280  0.0035617 -0.0014562 -0.0062290 4.36134261       -58
---
> 30.131484875  0.0040280  0.0035617 -0.0014562 -0.0062290 4.36134261       -58
286c286
< 19.221454479  0.0180527 -0.0479932 -0.0055365  0.0067256 1.14585388      -131
---
> 19.221454478  0.0180527 -0.0479932 -0.0055365  0.0067256 1.14585388      -131
294c294
<  5.203190193  0.0025266  0.0302925  0.0019434  0.0029625 4.48397763      -961
---
>  5.203190193  0.0025266  0.0302925  0.0019434  0.0029625 4.48397764      -961
339c339
<  5.202656258  0.0052103  0.0274084  0.0025322  0.0025670 6.08316839     -1113
---
>  5.202656258  0.0052103  0.0274084  0.0025322  0.0025670 6.08316840     -1113
355c355
<  9.583345692  0.0217325  0.0792362 -0.0050130 -0.0054731 2.16420368      -468
---
>  9.583345692  0.0217325  0.0792362 -0.0050130 -0.0054731 2.16420367      -468
386c386
< 19.188538116  0.0217567 -0.0457012 -0.0050246  0.0069131 3.60471947      -179
---
> 19.188538117  0.0217567 -0.0457012 -0.0050246  0.0069131 3.60471947      -179
419c419
<  5.202181228  0.0088019  0.0271835  0.0032842  0.0015648 1.25213572     -1382
---
>  5.202181228  0.0088019  0.0271835  0.0032842  0.0015648 1.25213573     -1382
450c450
<  9.538748047 -0.0096903  0.0812885 -0.0070152 -0.0022350 2.19115496      -597
---
>  9.538748047 -0.0096903  0.0812885 -0.0070152 -0.0022350 2.19115495      -597
465,467c465,467
<  9.519466694 -0.0114782  0.0791168 -0.0071800 -0.0016816 6.13250756      -618
< 19.281190478  0.0270782 -0.0461534 -0.0046088  0.0070127 3.04729952      -217
< 30.207222376  0.0057179  0.0009328 -0.0017042 -0.0062672 3.14892533      -110
---
>  9.519466695 -0.0114782  0.0791168 -0.0071800 -0.0016816 6.13250756      -618
> 19.281190479  0.0270782 -0.0461534 -0.0046088  0.0070127 3.04729952      -217
> 30.207222377  0.0057179  0.0009328 -0.0017042 -0.0062672 3.14892533      -110
489c489
<  5.202223481  0.0123146  0.0292976  0.0035951  0.0004586 0.95607457     -1618
---
>  5.202223481  0.0123146  0.0292976  0.0035951  0.0004586 0.95607458     -1618
Makefile:14: recipe for target 'testo9' failed
(diff vast.fil testout/integr/vast.fil)
55c55
<  2.669322950  0.0097893  0.2639452 -0.0971784 -0.0558785 4.19458633     -1009  9.4258E+00
---
>  2.669322950  0.0097893  0.2639452 -0.0971784 -0.0558785 4.19458634     -1009  9.4258E+00
88c88
<  2.669321816 -0.0749465  0.2525161 -0.1100496  0.0284100 1.97145573     -1513  9.8314E+00
---
>  2.669321816 -0.0749465  0.2525161 -0.1100496  0.0284100 1.97145574     -1513  9.8314E+00
136c136
<  2.669320603 -0.2017769  0.1286627 -0.0602787  0.1080371 4.46017424     -2247  1.0230E+01
---
>  2.669320603 -0.2017769  0.1286627 -0.0602787  0.1080371 4.46017425     -2247  1.0230E+01
142c142
<  2.669320870 -0.2157168  0.1122971 -0.0473867  0.1114524 0.05868803     -2338  1.0268E+01
---
>  2.669320870 -0.2157168  0.1122971 -0.0473867  0.1114524 0.05868804     -2338  1.0268E+01
184c184
<  2.669313925 -0.2415480  0.0014493  0.0609097  0.1012150 0.65147305     -2980  1.0506E+01
---
>  2.669313925 -0.2415480  0.0014493  0.0609097  0.1012150 0.65147306     -2980  1.0506E+01
213c213
<  2.767097661 -0.0967600  0.0483967 -0.0536446  0.0650978 4.19827108     -3258  8.8930E+00
---
>  2.767097661 -0.0967600  0.0483967 -0.0536446  0.0650978 4.19827107     -3258  8.8930E+00
228c228
<  2.767074200 -0.1051207  0.0211005 -0.0332249  0.0771886 2.90820450     -3475  8.9559E+00
---
>  2.767074200 -0.1051207  0.0211005 -0.0332249  0.0771886 2.90820449     -3475  8.9559E+00
238c238
<  2.669324053 -0.1394186 -0.1772519  0.1198356  0.0121724 5.03374552     -3806  1.0732E+01
---
>  2.669324053 -0.1394186 -0.1772519  0.1198356  0.0121724 5.03374553     -3806  1.0732E+01
267c267
<  2.767100255 -0.0838522 -0.0429144  0.0298894  0.0818469 4.58211603     -4040  9.1076E+00
---
>  2.767100255 -0.0838522 -0.0429144  0.0298894  0.0818469 4.58211602     -4040  9.1076E+00
270c270
<  2.767072633 -0.0797409 -0.0473963  0.0344846  0.0804497 1.81124205     -4083  9.1163E+00
---
>  2.767072633 -0.0797409 -0.0473963  0.0344846  0.0804497 1.81124204     -4083  9.1163E+00
Makefile:14: recipe for target 'testo9' failed
(diff vpla.fil testout/integr/vpla.fil)
6,7c6,7
<   9.9999402303776930D-01  1.0473486254633380D+03  3.4979017677866350D+03
<   2.2902981613087040D+04  1.9412259775973070D+04
---
>   9.9999402303776952D-01  1.0473486254633374D+03  3.4979017677866345D+03
>   2.2902981613087039D+04  1.9412259775973071D+04
244c244
<  5.202469803  0.0017288  0.0302235  0.0016598  0.0030995 0.97961625      -893
---
>  5.202469803  0.0017288  0.0302235  0.0016598  0.0030995 0.97961626      -893
255c255
<  9.555905953  0.0392852  0.0722638 -0.0027450 -0.0070394 2.47124744      -373
---
>  9.555905953  0.0392852  0.0722638 -0.0027450 -0.0070394 2.47124743      -373
265c265
<  9.552630831  0.0387314  0.0705258 -0.0031190 -0.0068259 5.08269782      -387
---
>  9.552630831  0.0387314  0.0705258 -0.0031190 -0.0068259 5.08269781      -387
284,285c284,285
<  5.202964844  0.0040381  0.0287316  0.0022082  0.0028059 1.69832733     -1028
<  9.550699207  0.0316926  0.0739961 -0.0037946 -0.0064431 4.11454345      -414
---
>  5.202964844  0.0040381  0.0287316  0.0022082  0.0028059 1.69832734     -1028
>  9.550699207  0.0316926  0.0739961 -0.0037946 -0.0064431 4.11454344      -414
291c291
< 19.212669023  0.0219309 -0.0474013 -0.0053668  0.0068138 3.24171830      -148
---
> 19.212669023  0.0219309 -0.0474013 -0.0053668  0.0068138 3.24171829      -148
395c395
<  9.557279170 -0.0023123  0.0827222 -0.0066326 -0.0031742 1.85372308      -563
---
>  9.557279170 -0.0023123  0.0827222 -0.0066326 -0.0031742 1.85372307      -563
419,420c419,420
<  5.202540632  0.0115194  0.0279501  0.0034743  0.0010856 0.21753222     -1483
<  9.555685219 -0.0101786  0.0802969 -0.0070249 -0.0022265 2.19312471      -597
---
>  5.202540632  0.0115194  0.0279501  0.0034743  0.0010856 0.21753223     -1483
>  9.555685219 -0.0101786  0.0802969 -0.0070249 -0.0022265 2.19312470      -597
Makefile:14: recipe for target 'testo9' failed
(diff orb9.out testout/integr/orb9.out)
2c2
<  in input  4  planets: KEP HEL ECLM00
---
>  in input            4  planets: KEP HEL ECLM00
5,6c5,6
<   9.9999402303776930D-01  1.0473486254633380D+03  3.4979017677866350D+03
<   2.2902981613087040D+04  1.9412259775973070D+04
---
>   9.9999402303776952D-01  1.0473486254633374D+03  3.4979017677866345D+03
>   2.2902981613087039D+04  1.9412259775973071D+04
12,13c12,13
<   file end looking for 20                  record  21
<   Selection of the best stepsize, maximum= -0.2000000000000000
---
>   file end looking for 20                  record           21
>   Selection of the best stepsize, maximum= -0.200000000000000     
21c21
<   input complete, starting from t= 0.000000000000000E+00
---
>   input complete, starting from t=  0.000000000000000E+000
Makefile:14: recipe for target 'testo9' failed
cp -p testout/conversion/conv_test .
cp -p testout/conversion/conv9.inp .
time conv9.x < conv_test
Makefile:24: recipe for target 'testconv' failed
